[    0.000000] Booting Linux on physical CPU 0x0000000000 [0x00000000]
[    0.000000] Linux version 5.4.0-109-generic (buildd@bos02-arm64-052) (gcc version 9.4.0 (Ubuntu 9.4.0-1ubuntu1~20.04.1)) #123-Ubuntu SMP Fri Apr 8 09:12:14 UTC 2022 (Ubuntu 5.4.0-109.123-generic 5.4.178)
[    0.000000] efi: Getting EFI parameters from FDT:
[    0.000000] efi: EFI v2.70 by EDK II
[    0.000000] efi:  SMBIOS 3.0=0x13f810000  MEMATTR=0x13e80d018  ACPI 2.0=0x13c150018  MOKvar=0x13e81b000  RNG=0x13f91bb98  MEMRESERVE=0x13c481718 
[    0.000000] efi: seeding entropy pool
[    0.000000] random: fast init done
[    0.000000] secureboot: Secure boot disabled
[    0.000000] cma: Reserved 32 MiB at 0x00000000fe000000
[    0.000000] ACPI: Early table checksum verification disabled
[    0.000000] ACPI: RSDP 0x000000013C150018 000024 (v02 BOCHS )
[    0.000000] ACPI: XSDT 0x000000013C15FE98 00006C (v01 BOCHS  BXPC     00000001      01000013)
[    0.000000] ACPI: FACP 0x000000013C15FA98 00010C (v05 BOCHS  BXPC     00000001 BXPC 00000001)
[    0.000000] ACPI: DSDT 0x000000013C157518 0014E4 (v02 BOCHS  BXPC     00000001 BXPC 00000001)
[    0.000000] ACPI: APIC 0x000000013C15D898 0002BC (v03 BOCHS  BXPC     00000001 BXPC 00000001)
[    0.000000] ACPI: PPTT 0x000000013C15E718 0000D8 (v02 BOCHS  BXPC     00000001 BXPC 00000001)
[    0.000000] ACPI: GTDT 0x000000013C15E818 000060 (v02 BOCHS  BXPC     00000001 BXPC 00000001)
[    0.000000] ACPI: MCFG 0x000000013C15E918 00003C (v01 BOCHS  BXPC     00000001 BXPC 00000001)
[    0.000000] ACPI: SPCR 0x000000013C15FF98 000050 (v02 BOCHS  BXPC     00000001 BXPC 00000001)
[    0.000000] ACPI: DBG2 0x000000013C15FC18 000057 (v00 BOCHS  BXPC     00000001 BXPC 00000001)
[    0.000000] ACPI: IORT 0x000000013C15FC98 000080 (v03 BOCHS  BXPC     00000001 BXPC 00000001)
[    0.000000] ACPI: BGRT 0x000000013C15FD98 000038 (v01 INTEL  EDK2     00000002      01000013)
[    0.000000] ACPI: SPCR: console: pl011,mmio,0x9000000,9600
[    0.000000] ACPI: NUMA: Failed to initialise from firmware
[    0.000000] NUMA: Faking a node at [mem 0x0000000040000000-0x000000013fffffff]
[    0.000000] NUMA: NODE_DATA [mem 0x13f64bf40-0x13f64efff]
[    0.000000] Zone ranges:
[    0.000000]   DMA32    [mem 0x0000000040000000-0x00000000ffffffff]
[    0.000000]   Normal   [mem 0x0000000100000000-0x000000013fffffff]
[    0.000000] Movable zone start for each node
[    0.000000] Early memory node ranges
[    0.000000]   node   0: [mem 0x0000000040000000-0x000000013bcfffff]
[    0.000000]   node   0: [mem 0x000000013bd00000-0x000000013bffffff]
[    0.000000]   node   0: [mem 0x000000013c000000-0x000000013c15ffff]
[    0.000000]   node   0: [mem 0x000000013c160000-0x000000013c47ffff]
[    0.000000]   node   0: [mem 0x000000013c480000-0x000000013f75ffff]
[    0.000000]   node   0: [mem 0x000000013f760000-0x000000013f7effff]
[    0.000000]   node   0: [mem 0x000000013f7f0000-0x000000013f7fffff]
[    0.000000]   node   0: [mem 0x000000013f800000-0x000000013f91ffff]
[    0.000000]   node   0: [mem 0x000000013f920000-0x000000013fffffff]
[    0.000000] Zeroed struct page in unavailable ranges: 560 pages
[    0.000000] Initmem setup node 0 [mem 0x0000000040000000-0x000000013fffffff]
[    0.000000] On node 0 totalpages: 1048576
[    0.000000]   DMA32 zone: 12288 pages used for memmap
[    0.000000]   DMA32 zone: 0 pages reserved
[    0.000000]   DMA32 zone: 786432 pages, LIFO batch:63
[    0.000000]   Normal zone: 4096 pages used for memmap
[    0.000000]   Normal zone: 262144 pages, LIFO batch:63
[    0.000000] psci: probing for conduit method from ACPI.
[    0.000000] psci: PSCIv0.2 detected in firmware.
[    0.000000] psci: Using standard PSCI v0.2 function IDs
[    0.000000] psci: Trusted OS migration not required
[    0.000000] ACPI: SRAT not present
[    0.000000] percpu: Embedded 33 pages/cpu s94424 r8192 d32552 u135168
[    0.000000] pcpu-alloc: s94424 r8192 d32552 u135168 alloc=33*4096
[    0.000000] pcpu-alloc: [0] 0 [0] 1 [0] 2 [0] 3 [0] 4 [0] 5 [0] 6 [0] 7 
[    0.000000] Detected PIPT I-cache on CPU0
[    0.000000] CPU features: kernel page table isolation forced ON by KASLR
[    0.000000] CPU features: detected: Kernel page table isolation (KPTI)
[    0.000000] Built 1 zonelists, mobility grouping on.  Total pages: 1032192
[    0.000000] Policy zone: Normal
[    0.000000] Kernel command line: BOOT_IMAGE=/boot/vmlinuz-5.4.0-109-generic root=UUID=0db57500-fdcc-4af2-8691-d91b05f269d0 ro
[    0.000000] Dentry cache hash table entries: 524288 (order: 10, 4194304 bytes, linear)
[    0.000000] Inode-cache hash table entries: 262144 (order: 9, 2097152 bytes, linear)
[    0.000000] mem auto-init: stack:off, heap alloc:on, heap free:off
[    0.000000] software IO TLB: mapped [mem 0xfa000000-0xfe000000] (64MB)
[    0.000000] Memory: 3882196K/4194304K available (14076K kernel code, 2244K rwdata, 11536K rodata, 6976K init, 1114K bss, 279340K reserved, 32768K cma-reserved)
[    0.000000] random: get_random_u64 called from kmem_cache_open+0x3c/0x240 with crng_init=1
[    0.000000] SLUB: HWalign=64, Order=0-3, MinObjects=0, CPUs=8, Nodes=1
[    0.000000] ftrace: allocating 46087 entries in 181 pages
[    0.000000] rcu: Hierarchical RCU implementation.
[    0.000000] rcu: 	RCU restricting CPUs from NR_CPUS=256 to nr_cpu_ids=8.
[    0.000000] 	Tasks RCU enabled.
[    0.000000] rcu: RCU calculated value of scheduler-enlistment delay is 25 jiffies.
[    0.000000] rcu: Adjusting geometry for rcu_fanout_leaf=16, nr_cpu_ids=8
[    0.000000] NR_IRQS: 64, nr_irqs: 64, preallocated irqs: 0
[    0.000000] GICv2m: ACPI overriding V2M MSI_TYPER (base:80, num:64)
[    0.000000] GICv2m: range[mem 0x08020000-0x08020fff], SPI[80:143]
[    0.000000] arch_timer: cp15 timer(s) running at 24.00MHz (virt).
[    0.000000] clocksource: arch_sys_counter: mask: 0xffffffffffffff max_cycles: 0x588fe9dc0, max_idle_ns: 440795202592 ns
[    0.000000] sched_clock: 56 bits at 24MHz, resolution 41ns, wraps every 4398046511097ns
[    0.000023] Console: colour dummy device 80x25
[    0.000047] ACPI: Core revision 20190816
[    0.000078] Calibrating delay loop (skipped), value calculated using timer frequency.. 48.00 BogoMIPS (lpj=96000)
[    0.000080] pid_max: default: 32768 minimum: 301
[    0.000107] LSM: Security Framework initializing
[    0.000111] Yama: becoming mindful.
[    0.000136] AppArmor: AppArmor initialized
[    0.000160] Mount-cache hash table entries: 8192 (order: 4, 65536 bytes, linear)
[    0.000162] Mountpoint-cache hash table entries: 8192 (order: 4, 65536 bytes, linear)
[    0.000169] *** VALIDATE tmpfs ***
[    0.000258] *** VALIDATE proc ***
[    0.000292] *** VALIDATE cgroup1 ***
[    0.000292] *** VALIDATE cgroup2 ***
[    0.000399] ASID allocator initialised with 128 entries
[    0.000407] rcu: Hierarchical SRCU implementation.
[    0.000628] Remapping and enabling EFI services.
[    0.000799] smp: Bringing up secondary CPUs ...
[    0.001564] Detected PIPT I-cache on CPU1
[    0.001618] CPU1: Booted secondary processor 0x0000000001 [0x00000000]
[    0.001916] Detected PIPT I-cache on CPU2
[    0.001980] CPU2: Booted secondary processor 0x0000000002 [0x00000000]
[    0.002262] Detected PIPT I-cache on CPU3
[    0.002350] CPU3: Booted secondary processor 0x0000000003 [0x00000000]
[    0.002584] Detected PIPT I-cache on CPU4
[    0.002687] CPU4: Booted secondary processor 0x0000000004 [0x00000000]
[    0.002923] Detected PIPT I-cache on CPU5
[    0.003035] CPU5: Booted secondary processor 0x0000000005 [0x00000000]
[    0.003283] Detected PIPT I-cache on CPU6
[    0.003435] CPU6: Booted secondary processor 0x0000000006 [0x00000000]
[    0.003756] Detected PIPT I-cache on CPU7
[    0.003892] CPU7: Booted secondary processor 0x0000000007 [0x00000000]
[    0.004024] smp: Brought up 1 node, 8 CPUs
[    0.004024] SMP: Total of 8 processors activated.
[    0.004025] CPU features: detected: Privileged Access Never
[    0.004026] CPU features: detected: LSE atomic instructions
[    0.004026] CPU features: detected: User Access Override
[    0.004027] CPU features: detected: Common not Private translations
[    0.004027] CPU features: detected: Data cache clean to Point of Persistence
[    0.004028] CPU features: detected: RAS Extension Support
[    0.004028] CPU features: detected: Data cache clean to the PoU not required for I/D coherence
[    0.004029] CPU features: detected: CRC32 instructions
[    0.004029] CPU features: detected: Speculation barrier (SB)
[    0.004030] CPU features: detected: Data cache clean to Point of Deep Persistence
[    0.078570] CPU: All CPU(s) started at EL1
[    0.078980] alternatives: patching kernel code
[    0.079842] devtmpfs: initialized
[    0.080332] Registered cp15_barrier emulation handler
[    0.080334] setend instruction emulation is not supported on this system
[    0.080541] clocksource: jiffies: mask: 0xffffffff max_cycles: 0xffffffff, max_idle_ns: 7645041785100000 ns
[    0.080546] futex hash table entries: 2048 (order: 5, 131072 bytes, linear)
[    0.080699] pinctrl core: initialized pinctrl subsystem
[    0.080809] SMBIOS 3.0.0 present.
[    0.080810] DMI: QEMU QEMU Virtual Machine, BIOS 0.0.0 02/06/2015
[    0.081227] NET: Registered protocol family 16
[    0.082821] DMA: preallocated 256 KiB pool for atomic allocations
[    0.082824] audit: initializing netlink subsys (disabled)
[    0.082986] audit: type=2000 audit(0.080:1): state=initialized audit_enabled=0 res=1
[    0.083090] cpuidle: using governor ladder
[    0.083092] cpuidle: using governor menu
[    0.083110] hw-breakpoint: found 6 breakpoint and 4 watchpoint registers.
[    0.083902] ACPI: bus type PCI registered
[    0.083905] acpiphp: ACPI Hot Plug PCI Controller Driver version: 0.5
[    0.083953] Serial: AMBA PL011 UART driver
[    0.085428] HugeTLB registered 1.00 GiB page size, pre-allocated 0 pages
[    0.085429] HugeTLB registered 32.0 MiB page size, pre-allocated 0 pages
[    0.085430] HugeTLB registered 2.00 MiB page size, pre-allocated 0 pages
[    0.085430] HugeTLB registered 64.0 KiB page size, pre-allocated 0 pages
[    0.096722] ACPI: Added _OSI(Module Device)
[    0.096724] ACPI: Added _OSI(Processor Device)
[    0.096725] ACPI: Added _OSI(3.0 _SCP Extensions)
[    0.096725] ACPI: Added _OSI(Processor Aggregator Device)
[    0.096726] ACPI: Added _OSI(Linux-Dell-Video)
[    0.096727] ACPI: Added _OSI(Linux-Lenovo-NV-HDMI-Audio)
[    0.096727] ACPI: Added _OSI(Linux-HPI-Hybrid-Graphics)
[    0.097034] ACPI: 1 ACPI AML tables successfully acquired and loaded
[    0.097176] ACPI: Interpreter enabled
[    0.097177] ACPI: Using GIC for interrupt routing
[    0.097182] ACPI: MCFG table detected, 1 entries
[    0.097950] ARMH0011:00: ttyAMA0 at MMIO 0x9000000 (irq = 4, base_baud = 0) is a SBSA
[    0.122655] printk: console [ttyAMA0] enabled
[    0.123336] ACPI: PCI Root Bridge [PCI0] (domain 0000 [bus 00-0f])
[    0.123504] acpi PNP0A08:00: _OSC: OS supports [ExtendedConfig ASPM ClockPM Segments MSI HPX-Type3]
[    0.123774] acpi PNP0A08:00: _OSC: platform does not support [LTR]
[    0.124004] acpi PNP0A08:00: _OSC: OS now controls [PCIeHotplug SHPCHotplug PME AER PCIeCapability]
[    0.124333] acpi PNP0A08:00: ECAM area [mem 0x3f000000-0x3fffffff] reserved by PNP0C02:00
[    0.124546] acpi PNP0A08:00: ECAM at [mem 0x3f000000-0x3fffffff] for [bus 00-0f]
[    0.124766] Remapped I/O 0x000000003eff0000 to [io  0x0000-0xffff window]
[    0.124967] PCI host bridge to bus 0000:00
[    0.125072] pci_bus 0000:00: root bus resource [mem 0x10000000-0x3efeffff window]
[    0.125260] pci_bus 0000:00: root bus resource [io  0x0000-0xffff window]
[    0.125430] pci_bus 0000:00: root bus resource [bus 00-0f]
[    0.126511] pci 0000:00:00.0: [1b36:0008] type 00 class 0x060000
[    0.126958] pci 0000:00:01.0: [1af4:1050] type 00 class 0x038000
[    0.127797] pci 0000:00:01.0: reg 0x14: [mem 0x10060000-0x10060fff]
[    0.128742] pci 0000:00:01.0: reg 0x20: [mem 0x10050000-0x10053fff 64bit pref]
[    0.129425] pci 0000:00:02.0: [1af4:1005] type 00 class 0x00ff00
[    0.129725] pci 0000:00:02.0: reg 0x10: [io  0x0140-0x015f]
[    0.130497] pci 0000:00:02.0: reg 0x20: [mem 0x1004c000-0x1004ffff 64bit pref]
[    0.130941] pci 0000:00:03.0: [8086:2668] type 00 class 0x040300
[    0.131149] pci 0000:00:03.0: reg 0x10: [mem 0x10058000-0x1005bfff]
[    0.131474] pci 0000:00:04.0: [1033:0194] type 00 class 0x0c0330
[    0.131675] pci 0000:00:04.0: reg 0x10: [mem 0x10054000-0x10057fff 64bit]
[    0.131970] pci 0000:00:05.0: [8086:293a] type 00 class 0x0c0320
[    0.132261] pci 0000:00:05.0: reg 0x10: [mem 0x1005f000-0x1005ffff]
[    0.133142] pci 0000:00:06.0: [8086:2934] type 00 class 0x0c0300
[    0.134008] pci 0000:00:06.0: reg 0x20: [io  0x0120-0x013f]
[    0.134661] pci 0000:00:07.0: [8086:2935] type 00 class 0x0c0300
[    0.135548] pci 0000:00:07.0: reg 0x20: [io  0x0100-0x011f]
[    0.136023] pci 0000:00:08.0: [8086:2936] type 00 class 0x0c0300
[    0.137002] pci 0000:00:08.0: reg 0x20: [io  0x00e0-0x00ff]
[    0.137670] pci 0000:00:09.0: [1af4:1001] type 00 class 0x010000
[    0.138000] pci 0000:00:09.0: reg 0x10: [io  0x0000-0x007f]
[    0.138330] pci 0000:00:09.0: reg 0x14: [mem 0x1005e000-0x1005efff]
[    0.138974] pci 0000:00:09.0: reg 0x20: [mem 0x10048000-0x1004bfff 64bit pref]
[    0.139431] pci 0000:00:0a.0: [1af4:1000] type 00 class 0x020000
[    0.141109] pci 0000:00:0a.0: reg 0x10: [io  0x00c0-0x00df]
[    0.141256] pci 0000:00:0a.0: reg 0x14: [mem 0x1005d000-0x1005dfff]
[    0.141437] pci 0000:00:0a.0: reg 0x20: [mem 0x10044000-0x10047fff 64bit pref]
[    0.141625] pci 0000:00:0a.0: reg 0x30: [mem 0xfffc0000-0xffffffff pref]
[    0.141932] pci 0000:00:0b.0: [1af4:1003] type 00 class 0x078000
[    0.142158] pci 0000:00:0b.0: reg 0x10: [io  0x0080-0x00bf]
[    0.142305] pci 0000:00:0b.0: reg 0x14: [mem 0x1005c000-0x1005cfff]
[    0.142485] pci 0000:00:0b.0: reg 0x20: [mem 0x10040000-0x10043fff 64bit pref]
[    0.142877] pci 0000:00:0a.0: BAR 6: assigned [mem 0x10000000-0x1003ffff pref]
[    0.143175] pci 0000:00:01.0: BAR 4: assigned [mem 0x10040000-0x10043fff 64bit pref]
[    0.143661] pci 0000:00:02.0: BAR 4: assigned [mem 0x10044000-0x10047fff 64bit pref]
[    0.143869] pci 0000:00:03.0: BAR 0: assigned [mem 0x10048000-0x1004bfff]
[    0.144043] pci 0000:00:04.0: BAR 0: assigned [mem 0x1004c000-0x1004ffff 64bit]
[    0.144276] pci 0000:00:09.0: BAR 4: assigned [mem 0x10050000-0x10053fff 64bit pref]
[    0.144484] pci 0000:00:0a.0: BAR 4: assigned [mem 0x10054000-0x10057fff 64bit pref]
[    0.144692] pci 0000:00:0b.0: BAR 4: assigned [mem 0x10058000-0x1005bfff 64bit pref]
[    0.144898] pci 0000:00:01.0: BAR 1: assigned [mem 0x1005c000-0x1005cfff]
[    0.145211] pci 0000:00:05.0: BAR 0: assigned [mem 0x1005d000-0x1005dfff]
[    0.145505] pci 0000:00:09.0: BAR 1: assigned [mem 0x1005e000-0x1005efff]
[    0.145684] pci 0000:00:0a.0: BAR 1: assigned [mem 0x1005f000-0x1005ffff]
[    0.145859] pci 0000:00:0b.0: BAR 1: assigned [mem 0x10060000-0x10060fff]
[    0.146125] pci 0000:00:09.0: BAR 0: assigned [io  0x1000-0x107f]
[    0.146442] pci 0000:00:0b.0: BAR 0: assigned [io  0x1080-0x10bf]
[    0.146599] pci 0000:00:02.0: BAR 0: assigned [io  0x10c0-0x10df]
[    0.146916] pci 0000:00:06.0: BAR 4: assigned [io  0x10e0-0x10ff]
[    0.147236] pci 0000:00:07.0: BAR 4: assigned [io  0x1100-0x111f]
[    0.147513] pci 0000:00:08.0: BAR 4: assigned [io  0x1120-0x113f]
[    0.147824] pci 0000:00:0a.0: BAR 0: assigned [io  0x1140-0x115f]
[    0.148095] pci_bus 0000:00: resource 4 [mem 0x10000000-0x3efeffff window]
[    0.148270] pci_bus 0000:00: resource 5 [io  0x0000-0xffff window]
[    0.148515] ACPI: PCI Interrupt Link [GSI0] (IRQs *35)
[    0.148649] ACPI: PCI Interrupt Link [GSI1] (IRQs *36)
[    0.148782] ACPI: PCI Interrupt Link [GSI2] (IRQs *37)
[    0.148989] ACPI: PCI Interrupt Link [GSI3] (IRQs *38)
[    0.149367] iommu: Default domain type: Translated 
[    0.149819] SCSI subsystem initialized
[    0.150123] libata version 3.00 loaded.
[    0.150206] vgaarb: loaded
[    0.150405] ACPI: bus type USB registered
[    0.150635] usbcore: registered new interface driver usbfs
[    0.150908] usbcore: registered new interface driver hub
[    0.151120] usbcore: registered new device driver usb
[    0.151274] pps_core: LinuxPPS API ver. 1 registered
[    0.151400] pps_core: Software ver. 5.3.6 - Copyright 2005-2007 Rodolfo Giometti <giometti@linux.it>
[    0.151646] PTP clock support registered
[    0.151886] EDAC MC: Ver: 3.0.0
[    0.152146] Registered efivars operations
[    0.153040] NetLabel: Initializing
[    0.153129] NetLabel:  domain hash size = 128
[    0.153239] NetLabel:  protocols = UNLABELED CIPSOv4 CALIPSO
[    0.153623] NetLabel:  unlabeled traffic allowed by default
[    0.154499] clocksource: Switched to clocksource arch_sys_counter
[    0.161599] *** VALIDATE bpf ***
[    0.161752] VFS: Disk quotas dquot_6.6.0
[    0.161861] VFS: Dquot-cache hash table entries: 512 (order 0, 4096 bytes)
[    0.162055] *** VALIDATE ramfs ***
[    0.162142] *** VALIDATE hugetlbfs ***
[    0.162287] AppArmor: AppArmor Filesystem Enabled
[    0.162434] pnp: PnP ACPI init
[    0.162680] system 00:00: [mem 0x3f000000-0x3fffffff window] could not be reserved
[    0.162875] system 00:00: Plug and Play ACPI device, IDs PNP0c02 (active)
[    0.162878] pnp: PnP ACPI: found 1 devices
[    0.168317] thermal_sys: Registered thermal governor 'fair_share'
[    0.168318] thermal_sys: Registered thermal governor 'bang_bang'
[    0.168472] thermal_sys: Registered thermal governor 'step_wise'
[    0.168623] thermal_sys: Registered thermal governor 'user_space'
[    0.168773] thermal_sys: Registered thermal governor 'power_allocator'
[    0.168976] NET: Registered protocol family 2
[    0.169315] IP idents hash table entries: 65536 (order: 7, 524288 bytes, linear)
[    0.170596] tcp_listen_portaddr_hash hash table entries: 2048 (order: 3, 32768 bytes, linear)
[    0.170821] TCP established hash table entries: 32768 (order: 6, 262144 bytes, linear)
[    0.171050] TCP bind hash table entries: 32768 (order: 7, 524288 bytes, linear)
[    0.171302] TCP: Hash tables configured (established 32768 bind 32768)
[    0.171482] UDP hash table entries: 2048 (order: 4, 65536 bytes, linear)
[    0.171655] UDP-Lite hash table entries: 2048 (order: 4, 65536 bytes, linear)
[    0.171862] NET: Registered protocol family 1
[    0.171975] NET: Registered protocol family 44
[    0.172138] pci 0000:00:04.0: enabling device (0000 -> 0002)
[    0.173023] PCI: CLS 0 bytes, default 64
[    0.173173] Trying to unpack rootfs image as initramfs...
[    0.396605] Freeing initrd memory: 88164K
[    0.397357] kvm [1]: HYP mode not available
[    0.397754] Initialise system trusted keyrings
[    0.398098] Key type blacklist registered
[    0.398596] workingset: timestamp_bits=40 max_order=20 bucket_order=0
[    0.399241] zbud: loaded
[    0.399487] squashfs: version 4.0 (2009/01/31) Phillip Lougher
[    0.399891] fuse: init (API version 7.31)
[    0.400004] *** VALIDATE fuse ***
[    0.400088] *** VALIDATE fuse ***
[    0.400293] Platform Keyring initialized
[    0.404849] Key type asymmetric registered
[    0.405130] Asymmetric key parser 'x509' registered
[    0.405504] Block layer SCSI generic (bsg) driver version 0.4 loaded (major 243)
[    0.406168] io scheduler mq-deadline registered
[    0.407322] shpchp: Standard Hot Plug PCI Controller Driver version: 0.4
[    0.407613] efifb: probing for efifb
[    0.407732] efifb: framebuffer at 0x13bd00000, using 1876k, total 1875k
[    0.407898] efifb: mode is 800x600x32, linelength=3200, pages=1
[    0.408047] efifb: scrolling: redraw
[    0.408137] efifb: Truecolor: size=8:8:8:8, shift=24:16:8:0
[    0.408371] fbcon: Deferring console take-over
[    0.408484] fb0: EFI VGA frame buffer device
[    0.408869] input: Power Button as /devices/LNXSYSTM:00/LNXSYBUS:00/PNP0C0C:00/input/input0
[    0.409678] ACPI: Power Button [PWRB]
[    0.411801] PCI Interrupt Link [GSI1] enabled at IRQ 36
[    0.412138] PCI Interrupt Link [GSI2] enabled at IRQ 37
[    0.412275] virtio-pci 0000:00:02.0: enabling device (0005 -> 0007)
[    0.412724] virtio-pci 0000:00:09.0: enabling device (0005 -> 0007)
[    0.413297] virtio-pci 0000:00:0a.0: enabling device (0000 -> 0003)
[    0.414020] PCI Interrupt Link [GSI3] enabled at IRQ 38
[    0.414158] virtio-pci 0000:00:0b.0: enabling device (0000 -> 0003)
[    0.415004] Serial: 8250/16550 driver, 32 ports, IRQ sharing enabled
[    0.417614] msm_serial: driver initialized
[    0.559287] loop: module loaded
[    0.559655] tun: Universal TUN/TAP device driver, 1.6
[    0.559899] PPP generic driver version 2.4.2
[    0.560103] ehci_hcd: USB 2.0 'Enhanced' Host Controller (EHCI) Driver
[    0.560270] ehci-pci: EHCI PCI platform driver
[    0.560468] PCI Interrupt Link [GSI0] enabled at IRQ 35
[    0.560806] ehci-pci 0000:00:05.0: EHCI Host Controller
[    0.560940] ehci-pci 0000:00:05.0: new USB bus registered, assigned bus number 1
[    0.561230] ehci-pci 0000:00:05.0: irq 37, io mem 0x1005d000
[    0.574764] ehci-pci 0000:00:05.0: USB 2.0 started, EHCI 1.00
[    0.574964] usb usb1: New USB device found, idVendor=1d6b, idProduct=0002, bcdDevice= 5.04
[    0.575174] usb usb1: New USB device strings: Mfr=3, Product=2, SerialNumber=1
[    0.575388] usb usb1: Product: EHCI Host Controller
[    0.575535] usb usb1: Manufacturer: Linux 5.4.0-109-generic ehci_hcd
[    0.575698] usb usb1: SerialNumber: 0000:00:05.0
[    0.575958] hub 1-0:1.0: USB hub found
[    0.576057] hub 1-0:1.0: 6 ports detected
[    0.576239] ehci-orion: EHCI orion driver
[    0.576380] ohci_hcd: USB 1.1 'Open' Host Controller (OHCI) Driver
[    0.576537] ohci-pci: OHCI PCI platform driver
[    0.576652] uhci_hcd: USB Universal Host Controller Interface driver
[    0.577114] uhci_hcd 0000:00:06.0: UHCI Host Controller
[    0.577250] uhci_hcd 0000:00:06.0: new USB bus registered, assigned bus number 2
[    0.577443] uhci_hcd 0000:00:06.0: detected 2 ports
[    0.577609] uhci_hcd 0000:00:06.0: irq 39, io base 0x000010e0
[    0.577793] usb usb2: New USB device found, idVendor=1d6b, idProduct=0001, bcdDevice= 5.04
[    0.578026] usb usb2: New USB device strings: Mfr=3, Product=2, SerialNumber=1
[    0.578209] usb usb2: Product: UHCI Host Controller
[    0.578333] usb usb2: Manufacturer: Linux 5.4.0-109-generic uhci_hcd
[    0.578553] usb usb2: SerialNumber: 0000:00:06.0
[    0.578813] hub 2-0:1.0: USB hub found
[    0.578911] hub 2-0:1.0: 2 ports detected
[    0.579363] uhci_hcd 0000:00:07.0: UHCI Host Controller
[    0.579498] uhci_hcd 0000:00:07.0: new USB bus registered, assigned bus number 3
[    0.579688] uhci_hcd 0000:00:07.0: detected 2 ports
[    0.579845] uhci_hcd 0000:00:07.0: irq 37, io base 0x00001100
[    0.580017] usb usb3: New USB device found, idVendor=1d6b, idProduct=0001, bcdDevice= 5.04
[    0.580233] usb usb3: New USB device strings: Mfr=3, Product=2, SerialNumber=1
[    0.580436] usb usb3: Product: UHCI Host Controller
[    0.580561] usb usb3: Manufacturer: Linux 5.4.0-109-generic uhci_hcd
[    0.580722] usb usb3: SerialNumber: 0000:00:07.0
[    0.580952] hub 3-0:1.0: USB hub found
[    0.581159] hub 3-0:1.0: 2 ports detected
[    0.581880] uhci_hcd 0000:00:08.0: UHCI Host Controller
[    0.582330] uhci_hcd 0000:00:08.0: new USB bus registered, assigned bus number 4
[    0.582769] uhci_hcd 0000:00:08.0: detected 2 ports
[    0.582913] uhci_hcd 0000:00:08.0: irq 39, io base 0x00001120
[    0.583081] usb usb4: New USB device found, idVendor=1d6b, idProduct=0001, bcdDevice= 5.04
[    0.583288] usb usb4: New USB device strings: Mfr=3, Product=2, SerialNumber=1
[    0.583494] usb usb4: Product: UHCI Host Controller
[    0.583617] usb usb4: Manufacturer: Linux 5.4.0-109-generic uhci_hcd
[    0.583778] usb usb4: SerialNumber: 0000:00:08.0
[    0.584019] hub 4-0:1.0: USB hub found
[    0.584116] hub 4-0:1.0: 2 ports detected
[    0.584550] xhci_hcd 0000:00:04.0: xHCI Host Controller
[    0.584683] xhci_hcd 0000:00:04.0: new USB bus registered, assigned bus number 5
[    0.584959] xhci_hcd 0000:00:04.0: hcc params 0x00080001 hci version 0x100 quirks 0x0000000000000014
[    0.585715] xhci_hcd 0000:00:04.0: xHCI Host Controller
[    0.585848] xhci_hcd 0000:00:04.0: new USB bus registered, assigned bus number 6
[    0.586035] xhci_hcd 0000:00:04.0: Host supports USB 3.0 SuperSpeed
[    0.586218] usb usb5: New USB device found, idVendor=1d6b, idProduct=0002, bcdDevice= 5.04
[    0.586453] usb usb5: New USB device strings: Mfr=3, Product=2, SerialNumber=1
[    0.586713] usb usb5: Product: xHCI Host Controller
[    0.586864] usb usb5: Manufacturer: Linux 5.4.0-109-generic xhci-hcd
[    0.587024] usb usb5: SerialNumber: 0000:00:04.0
[    0.587380] hub 5-0:1.0: USB hub found
[    0.587507] hub 5-0:1.0: 4 ports detected
[    0.587676] usb usb6: We don't know the algorithms for LPM for this host, disabling LPM.
[    0.587887] usb usb6: New USB device found, idVendor=1d6b, idProduct=0003, bcdDevice= 5.04
[    0.588096] usb usb6: New USB device strings: Mfr=3, Product=2, SerialNumber=1
[    0.588278] usb usb6: Product: xHCI Host Controller
[    0.588401] usb usb6: Manufacturer: Linux 5.4.0-109-generic xhci-hcd
[    0.588560] usb usb6: SerialNumber: 0000:00:04.0
[    0.588798] hub 6-0:1.0: USB hub found
[    0.589167] hub 6-0:1.0: 4 ports detected
[    0.589841] mousedev: PS/2 mouse device common for all mice
[    0.591356] rtc-efi rtc-efi: registered as rtc0
[    0.591503] i2c /dev entries driver
[    0.591678] device-mapper: uevent: version 1.0.3
[    0.591890] device-mapper: ioctl: 4.41.0-ioctl (2019-09-16) initialised: dm-devel@redhat.com
[    0.592536] ledtrig-cpu: registered to indicate activity on CPUs
[    0.592716] EFI Variables Facility v0.08 2004-May-17
[    0.595135] drop_monitor: Initializing network drop monitor service
[    0.595397] NET: Registered protocol family 10
[    0.601970] Segment Routing with IPv6
[    0.602396] NET: Registered protocol family 17
[    0.602933] Key type dns_resolver registered
[    0.603226] registered taskstats version 1
[    0.603338] Loading compiled-in X.509 certificates
[    0.604128] Loaded X.509 cert 'Build time autogenerated kernel key: fa26c2d7e42dfd57960cd3ca7f1ab2cd75c0b229'
[    0.604842] Loaded X.509 cert 'Canonical Ltd. Live Patch Signing: 14df34d1a87cf37625abec039ef2bf521249b969'
[    0.605495] Loaded X.509 cert 'Canonical Ltd. Kernel Module Signing: 88f752e560a1e0737e31163a466ad7b70a850c19'
[    0.605747] blacklist: Loading compiled-in revocation X.509 certificates
[    0.605928] Loaded X.509 cert 'Canonical Ltd. Secure Boot Signing: 61482aa2830d0ab2ad5af10b7250da9033ddcef0'
[    0.606201] zswap: loaded using pool lzo/zbud
[    0.606455] Key type ._fscrypt registered
[    0.606649] Key type .fscrypt registered
[    0.613613] cryptd: max_cpu_qlen set to 1000
[    0.629279] Key type big_key registered
[    0.636516] Key type encrypted registered
[    0.637046] AppArmor: AppArmor sha1 policy hashing enabled
[    0.637799] integrity: Loading X.509 certificate: UEFI:MokListRT (MOKvar table)
[    0.639099] integrity: Loaded X.509 cert 'Canonical Ltd. Master Certificate Authority: ad91990bc22ab1f517048c23b6655a268e345a63'
[    0.639504] ima: No TPM chip found, activating TPM-bypass!
[    0.639685] ima: Allocated hash algorithm: sha1
[    0.639805] ima: No architecture policies found
[    0.639932] evm: Initialising EVM extended attributes:
[    0.640061] evm: security.selinux
[    0.640144] evm: security.SMACK64
[    0.640227] evm: security.SMACK64EXEC
[    0.640319] evm: security.SMACK64TRANSMUTE
[    0.640422] evm: security.SMACK64MMAP
[    0.640513] evm: security.apparmor
[    0.640599] evm: security.ima
[    0.640673] evm: security.capability
[    0.640763] evm: HMAC attrs: 0x1
[    0.641323] rtc-efi rtc-efi: setting system clock to 2022-04-21T23:24:11 UTC (1650583451)
[    0.644094] Freeing unused kernel memory: 6976K
[    0.666543] Checked W+X mappings: passed, no W+X pages found
[    0.666742] Run /init as init process
[    0.676901] random: systemd-udevd: uninitialized urandom read (16 bytes read)
[    0.677726] random: systemd-udevd: uninitialized urandom read (16 bytes read)
[    0.678036] random: udevadm: uninitialized urandom read (16 bytes read)
[    0.732810] virtio_blk virtio2: [vda] 134217728 512-byte logical blocks (68.7 GB/64.0 GiB)
[    0.741361]  vda: vda1 vda2
[    0.744702] virtio_net virtio3 enp0s10: renamed from eth0
[    0.784985] [drm] pci: virtio-gpu-pci detected at 0000:00:01.0
[    0.785137] [drm] virgl 3d acceleration enabled
[    0.786938] [drm] EDID support available.
[    0.788875] [TTM] Zone  kernel: Available graphics memory: 2005052 KiB
[    0.789042] [TTM] Initializing pool allocator
[    0.789155] [TTM] Initializing DMA pool allocator
[    0.790008] [drm] number of scanouts: 1
[    0.791210] [drm] number of cap sets: 2
[    0.795802] [drm] cap set 0: id 1, max-version 1, max-size 308
[    0.796976] [drm] cap set 1: id 2, max-version 2, max-size 768
[    0.801098] [drm] Initialized virtio_gpu 0.1.0 0 for virtio0 on minor 0
[    0.803541] checking generic (13bd00000 1d5000) vs hw (0 0)
[    0.803662] fbcon: Deferring console take-over
[    0.804037] virtio_gpu virtio0: fb1: virtio_gpudrmfb frame buffer device
[    0.848114] usb 5-1: new high-speed USB device number 2 using xhci_hcd
[    0.999694] usb 5-1: New USB device found, idVendor=0627, idProduct=0001, bcdDevice= 0.00
[    0.999911] usb 5-1: New USB device strings: Mfr=1, Product=3, SerialNumber=10
[    1.000094] usb 5-1: Product: QEMU USB Tablet
[    1.000204] usb 5-1: Manufacturer: QEMU
[    1.000302] usb 5-1: SerialNumber: 28754-0000:00:04.0-1
[    1.133439] usb 5-2: new high-speed USB device number 3 using xhci_hcd
[    1.289950] usb 5-2: New USB device found, idVendor=0627, idProduct=0001, bcdDevice= 0.00
[    1.290307] usb 5-2: New USB device strings: Mfr=1, Product=2, SerialNumber=9
[    1.290847] usb 5-2: Product: QEMU USB Mouse
[    1.290997] usb 5-2: Manufacturer: QEMU
[    1.291167] usb 5-2: SerialNumber: 89126-0000:00:04.0-2
[    1.424142] usb 5-3: new high-speed USB device number 4 using xhci_hcd
[    1.574885] usb 5-3: New USB device found, idVendor=0627, idProduct=0001, bcdDevice= 0.00
[    1.575190] usb 5-3: New USB device strings: Mfr=1, Product=4, SerialNumber=11
[    1.575439] usb 5-3: Product: QEMU USB Keyboard
[    1.575595] usb 5-3: Manufacturer: QEMU
[    1.575729] usb 5-3: SerialNumber: 68284-0000:00:04.0-3
[    1.710837] usb 5-4: new full-speed USB device number 5 using xhci_hcd
[    1.860629] usb 5-4: New USB device found, idVendor=0409, idProduct=55aa, bcdDevice= 1.01
[    1.860930] usb 5-4: New USB device strings: Mfr=1, Product=2, SerialNumber=3
[    1.861177] usb 5-4: Product: QEMU USB Hub
[    1.861319] usb 5-4: Manufacturer: QEMU
[    1.861514] usb 5-4: SerialNumber: 314159-0000:00:04.0-4
[    1.867945] hub 5-4:1.0: USB hub found
[    1.868241] hub 5-4:1.0: 8 ports detected
[    1.892837] hidraw: raw HID events driver (C) Jiri Kosina
[    1.898954] usbcore: registered new interface driver usbhid
[    1.899200] usbhid: USB HID core driver
[    1.902419] input: QEMU QEMU USB Tablet as /devices/pci0000:00/0000:00:04.0/usb5/5-1/5-1:1.0/0003:0627:0001.0001/input/input1
[    1.903632] hid-generic 0003:0627:0001.0001: input,hidraw0: USB HID v0.01 Mouse [QEMU QEMU USB Tablet] on usb-0000:00:04.0-1/input0
[    1.904013] input: QEMU QEMU USB Mouse as /devices/pci0000:00/0000:00:04.0/usb5/5-2/5-2:1.0/0003:0627:0001.0002/input/input2
[    1.904564] hid-generic 0003:0627:0001.0002: input,hidraw1: USB HID v0.01 Mouse [QEMU QEMU USB Mouse] on usb-0000:00:04.0-2/input0
[    1.906047] input: QEMU QEMU USB Keyboard as /devices/pci0000:00/0000:00:04.0/usb5/5-3/5-3:1.0/0003:0627:0001.0003/input/input3
[    1.971150] hid-generic 0003:0627:0001.0003: input,hidraw2: USB HID v1.11 Keyboard [QEMU QEMU USB Keyboard] on usb-0000:00:04.0-3/input0
[    2.091483] raid6: neonx8   gen() 24138 MB/s
[    2.138542] raid6: neonx8   xor() 20085 MB/s
[    2.163359] usb 5-4.1: new full-speed USB device number 6 using xhci_hcd
[    2.186549] raid6: neonx4   gen() 23382 MB/s
[    2.234543] raid6: neonx4   xor() 20120 MB/s
[    2.263597] usb 5-4.1: not running at top speed; connect to a high speed hub
[    2.264204] usb 5-4.1: New USB device found, idVendor=46f4, idProduct=0001, bcdDevice= 0.00
[    2.264429] usb 5-4.1: New USB device strings: Mfr=1, Product=2, SerialNumber=3
[    2.264624] usb 5-4.1: Product: QEMU USB HARDDRIVE
[    2.264746] usb 5-4.1: Manufacturer: QEMU
[    2.264867] usb 5-4.1: SerialNumber: 1-0000:00:04.0-4.1
[    2.268930] usb-storage 5-4.1:1.0: USB Mass Storage device detected
[    2.270054] scsi host0: usb-storage 5-4.1:1.0
[    2.270886] usbcore: registered new interface driver usb-storage
[    2.272641] usbcore: registered new interface driver uas
[    2.283255] raid6: neonx2   gen() 20899 MB/s
[    2.331249] raid6: neonx2   xor() 19426 MB/s
[    2.379281] raid6: neonx1   gen() 18774 MB/s
[    2.427283] raid6: neonx1   xor() 17981 MB/s
[    2.475338] raid6: int64x8  gen()  9741 MB/s
[    2.523287] raid6: int64x8  xor()  5202 MB/s
[    2.570717] raid6: int64x4  gen()  7979 MB/s
[    2.618946] raid6: int64x4  xor()  4242 MB/s
[    2.667288] raid6: int64x2  gen()  6154 MB/s
[    2.715297] raid6: int64x2  xor()  3359 MB/s
[    2.763314] raid6: int64x1  gen()  4983 MB/s
[    2.811256] raid6: int64x1  xor()  2698 MB/s
[    2.811458] raid6: using algorithm neonx8 gen() 24138 MB/s
[    2.811598] raid6: .... xor() 20085 MB/s, rmw enabled
[    2.811727] raid6: using neon recovery algorithm
[    2.814276] xor: measuring software checksum speed
[    2.854521]    8regs     : 25383.000 MB/sec
[    2.894528]    32regs    : 21886.000 MB/sec
[    2.934522]    arm64_neon: 39858.000 MB/sec
[    2.934628] xor: using function: arm64_neon (39858.000 MB/sec)
[    2.935901] async_tx: api initialized (async)
[    2.987245] Btrfs loaded, crc32c=crc32c-generic
[    3.067696] EXT4-fs (vda2): mounted filesystem with ordered data mode. Opts: (null)
[    3.177661] systemd[1]: Inserted module 'autofs4'
[    3.187450] crng init done
[    3.187531] random: 7 urandom warning(s) missed due to ratelimiting
[    3.193231] systemd[1]: systemd 245.4-4ubuntu3.15 running in system mode. (+PAM +AUDIT +SELINUX +IMA +APPARMOR +SMACK +SYSVINIT +UTMP +LIBCRYPTSETUP +GCRYPT +GNUTLS +ACL +XZ +LZ4 +SECCOMP +BLKID +ELFUTILS +KMOD +IDN2 -IDN +PCRE2 default-hierarchy=hybrid)
[    3.193836] systemd[1]: Detected virtualization qemu.
[    3.193967] systemd[1]: Detected architecture arm64.
[    3.212862] systemd[1]: Set hostname to <coolbox4>.
[    3.307176] scsi 0:0:0:0: CD-ROM            QEMU     QEMU CD-ROM      2.5+ PQ: 0 ANSI: 5
[    3.309001] sr 0:0:0:0: [sr0] scsi3-mmc drive: 16x/50x cd/rw xa/form2 cdda tray
[    3.309499] cdrom: Uniform CD-ROM driver Revision: 3.20
[    3.337057] systemd[1]: Created slice system-modprobe.slice.
[    3.337558] systemd[1]: Created slice system-serial\x2dgetty.slice.
[    3.338042] systemd[1]: Created slice system-systemd\x2dfsck.slice.
[    3.339299] sr 0:0:0:0: Attached scsi CD-ROM sr0
[    3.339373] systemd[1]: Created slice User and Session Slice.
[    3.339478] sr 0:0:0:0: Attached scsi generic sg0 type 5
[    3.340230] systemd[1]: Started Forward Password Requests to Wall Directory Watch.
[    3.340839] systemd[1]: Set up automount Arbitrary Executable File Formats File System Automount Point.
[    3.341340] systemd[1]: Reached target User and Group Name Lookups.
[    3.341738] systemd[1]: Reached target Slices.
[    3.342065] systemd[1]: Listening on Device-mapper event daemon FIFOs.
[    3.342484] systemd[1]: Listening on LVM2 poll daemon socket.
[    3.342918] systemd[1]: Listening on multipathd control socket.
[    3.343346] systemd[1]: Listening on Syslog Socket.
[    3.343674] systemd[1]: Listening on fsck to fsckd communication Socket.
[    3.344078] systemd[1]: Listening on initctl Compatibility Named Pipe.
[    3.344600] systemd[1]: Listening on Journal Audit Socket.
[    3.344967] systemd[1]: Listening on Journal Socket (/dev/log).
[    3.345353] systemd[1]: Listening on Journal Socket.
[    3.345709] systemd[1]: Listening on Network Service Netlink Socket.
[    3.346107] systemd[1]: Listening on udev Control Socket.
[    3.346453] systemd[1]: Listening on udev Kernel Socket.
[    3.347324] systemd[1]: Mounting Huge Pages File System...
[    3.348221] systemd[1]: Mounting POSIX Message Queue File System...
[    3.349028] systemd[1]: Mounting Kernel Debug File System...
[    3.350056] systemd[1]: Mounting Kernel Trace File System...
[    3.352145] systemd[1]: Starting Journal Service...
[    3.353831] systemd[1]: Starting Set the console keyboard layout...
[    3.356903] systemd[1]: Starting Create list of static device nodes for the current kernel...
[    3.359790] systemd[1]: Starting Monitoring of LVM2 mirrors, snapshots etc. using dmeventd or progress polling...
[    3.360501] systemd[1]: Condition check resulted in Load Kernel Module drm being skipped.
[    3.361226] systemd[1]: Condition check resulted in OpenVSwitch configuration for cleanup being skipped.
[    3.363613] systemd[1]: Condition check resulted in Set Up Additional Binary Formats being skipped.
[    3.363970] systemd[1]: Condition check resulted in File System Check on Root Device being skipped.
[    3.365233] systemd[1]: Starting Load Kernel Modules...
[    3.367834] systemd[1]: Starting Remount Root and Kernel File Systems...
[    3.369533] systemd[1]: Starting udev Coldplug all Devices...
[    3.371903] systemd[1]: Starting Uncomplicated firewall...
[    3.373740] EXT4-fs (vda2): re-mounted. Opts: (null)
[    3.373839] systemd[1]: Mounted Huge Pages File System.
[    3.376394] systemd[1]: Mounted POSIX Message Queue File System.
[    3.377596] systemd[1]: Mounted Kernel Debug File System.
[    3.378808] lp: driver loaded but no devices found
[    3.379162] systemd[1]: Mounted Kernel Trace File System.
[    3.380483] systemd[1]: Finished Create list of static device nodes for the current kernel.
[    3.382366] ppdev: user-space parallel port driver
[    3.383577] systemd[1]: Finished Remount Root and Kernel File Systems.
[    3.384561] systemd[1]: Finished Uncomplicated firewall.
[    3.386799] systemd[1]: Activating swap /swap.img...
[    3.387115] IPMI message handler: version 39.2
[    3.388018] systemd[1]: Condition check resulted in Rebuild Hardware Database being skipped.
[    3.388397] systemd[1]: Condition check resulted in Platform Persistent Storage Archival being skipped.
[    3.389395] ipmi device interface
[    3.389678] systemd[1]: Starting Load/Save Random Seed...
[    3.391833] systemd[1]: Starting Create System Users...
[    3.392303] systemd[1]: Started Journal Service.
[    3.403612] systemd-journald[445]: Received client request to flush runtime journal.
[    3.405313] systemd-journald[445]: File /var/log/journal/1d4ac57a2704420b9e147845f8159df1/system.journal corrupted or uncleanly shut down, renaming and replacing.
[    3.442821] Adding 4009980k swap on /swap.img.  Priority:-2 extents:7 across:4501500k FS
[    3.841557] snd_hda_intel 0000:00:03.0: enabling device (0000 -> 0002)
[    3.841809] snd_hda_intel 0000:00:03.0: Force to snoop mode by module option
[    3.877047] snd_hda_codec_generic hdaudioC0D0: autoconfig for Generic: line_outs=1 (0x3/0x0/0x0/0x0/0x0) type:line
[    3.877049] snd_hda_codec_generic hdaudioC0D0:    speaker_outs=0 (0x0/0x0/0x0/0x0/0x0)
[    3.877050] snd_hda_codec_generic hdaudioC0D0:    hp_outs=0 (0x0/0x0/0x0/0x0/0x0)
[    3.877050] snd_hda_codec_generic hdaudioC0D0:    mono: mono_out=0x0
[    3.877051] snd_hda_codec_generic hdaudioC0D0:    inputs:
[    3.877052] snd_hda_codec_generic hdaudioC0D0:      Line=0x5
[    3.974939] alua: device handler registered
[    3.976395] emc: device handler registered
[    3.977921] rdac: device handler registered
[    4.177831] audit: type=1400 audit(1650583455.032:2): apparmor="STATUS" operation="profile_load" profile="unconfined" name="libreoffice-senddoc" pid=694 comm="apparmor_parser"
[    4.179479] audit: type=1400 audit(1650583455.036:3): apparmor="STATUS" operation="profile_load" profile="unconfined" name="libreoffice-oopslash" pid=695 comm="apparmor_parser"
[    4.179480] audit: type=1400 audit(1650583455.036:4): apparmor="STATUS" operation="profile_load" profile="unconfined" name="/usr/bin/man" pid=692 comm="apparmor_parser"
[    4.179482] audit: type=1400 audit(1650583455.036:5): apparmor="STATUS" operation="profile_load" profile="unconfined" name="man_filter" pid=692 comm="apparmor_parser"
[    4.179483] audit: type=1400 audit(1650583455.036:6): apparmor="STATUS" operation="profile_load" profile="unconfined" name="man_groff" pid=692 comm="apparmor_parser"
[    4.182976] audit: type=1400 audit(1650583455.040:7): apparmor="STATUS" operation="profile_load" profile="unconfined" name="/usr/sbin/cups-browsed" pid=691 comm="apparmor_parser"
[    4.185793] audit: type=1400 audit(1650583455.040:8): apparmor="STATUS" operation="profile_load" profile="unconfined" name="/usr/sbin/tcpdump" pid=693 comm="apparmor_parser"
[    4.186189] audit: type=1400 audit(1650583455.040:9): apparmor="STATUS" operation="profile_load" profile="unconfined" name="/usr/lib/NetworkManager/nm-dhcp-client.action" pid=688 comm="apparmor_parser"
[    4.186191] audit: type=1400 audit(1650583455.040:10): apparmor="STATUS" operation="profile_load" profile="unconfined" name="/usr/lib/NetworkManager/nm-dhcp-helper" pid=688 comm="apparmor_parser"
[    7.373937] kauditd_printk_skb: 36 callbacks suppressed
[    7.373938] audit: type=1400 audit(1650608624.633:47): apparmor="DENIED" operation="capable" profile="/usr/sbin/cups-browsed" pid=810 comm="cups-browsed" capability=23  capname="sys_nice"
[    9.265214] rfkill: input handler disabled
[   10.799605] input: spice vdagent tablet as /devices/virtual/input/input4
[   38.123296] rfkill: input handler enabled
[   39.904601] input: spice vdagent tablet as /devices/virtual/input/input5
[   39.929576] rfkill: input handler disabled
[   76.497216] hook_test: loading out-of-tree module taints kernel.
[   76.497784] hook_test: module verification failed: signature and/or required key missing - tainting kernel
[   76.500036] debug: before set func + flag
[   76.500036] debug: fh_hook.name sys_kill
[   76.500039] debug: fh_hook.new 000000001d9b603e
[   76.500040] debug: fh_hook.orig 0000000043f66996
[   76.500040] debug: fh_hook.addr 0000000000000000
[   76.500040] debug: fh_hook.ops.func 0000000000000000
[   76.500040] debug: fh_hook.ops.flags 0000000000000000
[   76.500041] debug: fh_hook.ops.private 0000000000000000
[   76.500043] Unable to handle kernel NULL pointer dereference at virtual address 0000000000000000
[   76.500273] Mem abort info:
[   76.500344]   ESR = 0x86000004
[   76.500425]   EC = 0x21: IABT (current EL), IL = 32 bits
[   76.500558]   SET = 0, FnV = 0
[   76.500635]   EA = 0, S1PTW = 0
[   76.500717] user pgtable: 4k pages, 48-bit VAs, pgdp=000000012577e000
[   76.500878] [0000000000000000] pgd=0000000000000000
[   76.501041] Internal error: Oops: 86000004 [#1] SMP
[   76.501181] Modules linked in: hook_test(OE+) nls_iso8859_1 dm_multipath scsi_dh_rdac scsi_dh_emc scsi_dh_alua snd_hda_codec_generic ledtrig_audio snd_hda_intel snd_intel_dspcfg snd_hda_codec snd_hda_core snd_hwdep snd_pcm snd_seq_midi snd_seq_midi_event snd_rawmidi snd_seq snd_seq_device snd_timer joydev input_leds snd qemu_fw_cfg soundcore sch_fq_codel ipmi_devintf ipmi_msghandler ppdev lp parport virtio_rng ip_tables x_tables autofs4 btrfs zstd_compress raid10 raid456 async_raid6_recov async_memcpy async_pq async_xor async_tx xor xor_neon uas usb_storage raid6_pq libcrc32c raid1 raid0 multipath linear hid_generic usbhid hid crct10dif_ce ghash_ce sha3_ce virtio_gpu sha3_generic ttm sha512_ce drm_kms_helper sha512_arm64 sha2_ce syscopyarea sysfillrect sysimgblt sha256_arm64 fb_sys_fops sha1_ce drm virtio_net net_failover virtio_blk failover aes_neon_bs aes_neon_blk aes_ce_blk crypto_simd cryptd aes_ce_cipher
[   76.503803] CPU: 1 PID: 2561 Comm: insmod Tainted: G           OE     5.4.0-109-generic #123-Ubuntu
[   76.504125] Hardware name: QEMU QEMU Virtual Machine, BIOS 0.0.0 02/06/2015
[   76.504373] pstate: 60400005 (nZCv daif +PAN -UAO)
[   76.504547] pc : 0x0
[   76.504629] lr : fh_install_hook+0x40/0xec [hook_test]
[   76.504847] sp : ffff800010e1bb10
[   76.504967] x29: ffff800010e1bb10 x28: 0000000000000000 
[   76.505195] x27: ffffb10c200dd258 x26: ffffb10c5e2796d8 
[   76.505385] x25: 0000000000000000 x24: ffffb10c200dd0c0 
[   76.505577] x23: 0000000000000000 x22: ffffb10c200dd0d8 
[   76.505766] x21: ffffb10c5f4b9bd0 x20: ffff176f6f6e8f00 
[   76.505986] x19: ffffb10c200dd000 x18: 0000000000000030 
[   76.506234] x17: 0000000000000000 x16: ffffb10c5e225934 
[   76.506424] x15: ffff176f6f6e9428 x14: ffffffffffffffff 
[   76.506655] x13: 0000000000000000 x12: ffffb10c5f6c4000 
[   76.506845] x11: ffffb10c5f4ae000 x10: 0000000000000000 
[   76.507440] x9 : 0000000000000004 x8 : 0000000000000275 
[   76.509076] x7 : 0000000000000001 x6 : ffffb10c5f6c4000 
[   76.509350] x5 : ffff176fbf31b248 x4 : 0000000000000007 
[   76.509602] x3 : ffff176fbf31b248 x2 : 0000000000000000 
[   76.509831] x1 : 0000000000000000 x0 : ffffb10c200dc2c0 
[   76.510096] Call trace:
[   76.510202]  0x0
[   76.510284]  hook_test_mod_init+0x24/0x1000 [hook_test]
[   76.510584]  do_one_initcall+0x54/0x260
[   76.510728]  do_init_module+0x60/0x250
[   76.510932]  load_module+0x101c/0x12f8
[   76.511073]  __do_sys_finit_module+0xac/0x118
[   76.511241]  __arm64_sys_finit_module+0x2c/0x38
[   76.511403]  el0_svc_common.constprop.0+0xf4/0x200
[   76.511574]  el0_svc_handler+0x38/0xa8
[   76.511708]  el0_svc+0x10/0x180
[   76.511824] Code: bad PC value
[   76.511936] ---[ end trace 85dd8d8f75fa0f12 ]---
